# GIT:

Basic commands:
===============
  1. git init                        : initiates git repository.

  2. touch filename
     git add filename                : Adds file to local git repository
  3. git rm filename                 : delete file from local git repository
  4. git status                      : shows staged or unstaged(untracked) files.

Branching commands:
===================
  1. git branch branch1              : Creates new branch "branch1" but does not switch to it.
  2. git checkout -b branch2         : creates new branch and switch to it.
  3. git checkout branch1            : switch to existing branch "branch1".
  4. git branch -d branchName        : deletes branch

Branch Merge commands:
======================
  move to any base branch where you want to merge some branch and then use "merge" command to merge branch into base branch.
  
  1. git checkout master      : moves to master branch, it can be any branch to which we want to merge feature branch.
  2. git merge branch_name    : merges "branch_name" branch to master branch.


How to create and link repository to some remote repository:
============================================================

1. Create LOCAL repository:
     git init : it will create git repository, it will be local repository
   
2. Add remote location:
     git remote add sheel https://github.com/ranasheel2000/GIT.git

3. pull latest code from remote:
     git pull sheel master      (here master is the branch name)	

4. push updated changes to remote:
     git push sheel master      (here master is the branch name)
     
5. Stash: Saves temporary changes which are not ready for commit.
   1. git stash : stashes current uncommitted code.
   
   2. git stash list : lists different versions of stash created.
   
           VirtualBox gitproj # git stash list
           stash@{0}: WIP on master: edaaeaf Merge branch 'master' of https://github.com/ranasheel2000/GIT
           stash@{1}: WIP on master: edaaeaf Merge branch 'master' of https://github.com/ranasheel2000/GIT


   3. git stash show {stash version} : shows contents of specific stash version.
   
           VirtualBox gitproj # git stash list
           stash@{0}: WIP on master: edaaeaf Merge branch 'master' of https://github.com/ranasheel2000/GIT
           stash@{1}: WIP on master: edaaeaf Merge branch 'master' of https://github.com/ranasheel2000/GIT
		   
            VirtualBox gitproj # git stash show stash@{0}
            iu | 4 ++++
            1 file changed, 4 insertions(+)

   4. git stash apply
          
           VirtualBox gitproj # git stash list
           stash@{0}: WIP on master: edaaeaf Merge branch 'master' of https://github.com/ranasheel2000/GIT
           stash@{1}: WIP on master: edaaeaf Merge branch 'master' of https://github.com/ranasheel2000/GIT

        VirtualBox gitproj # git stash apply stash@{0}
                 
            On branch master
            Changes to be committed:
            (use "git reset HEAD <file>..." to unstage)
	        new file:   iu
		
		
		
Openstack Git Review:
======================
Reference URL: 
    https://docs.opendev.org/opendev/infra-manual/latest/gettingstarted.html#getting-started

Steps
Step1: First of all add your ssh key to gerrit:
       (https://review.opendev.org/#/settings/ssh-keys)
        $ssh-keygen
        <keep on entering for all questions>

         cat ~/.ssh/id_rsa.pub
         copy & paste the contents into box appeared after clicking Add button on following URL:
            https://review.opendev.org/#/settings/ssh-keys

        *Only use public key (id_rsa.pub) and not private key (id_rsa)


Step2: Open your terminal and configure Git:
        git config --global user.name "Sheel Rana"
        git config --global user.email "ranasheel2000@gmail.com"
        git config --list --global

Step3: Git-Review
        pip install git-review

        git config --global gitreview.username yourgerritusername
        git config --list --global

Step4: Code Pull
        git clone https://github.com/openstack/tacker.git
        cd tacker
	
Step5: Configure git review for code
        git review -s

Step6: Code commit
        git checkout -b "commitName"
        #Make Changes
        #Commit local changes:
        git commit -a
	
Step5: Code Push
        git review


Openstack Document Building process:
====================================
Reference: https://docs.openstack.org/doc-contrib-guide/docs-builds.html

Note: 
1. Use non-root user with sudo rights.
2. Use pip2 insted off pip3.

Step1: Install python and resolve dependencies using bindep:
  sudo yum install epel-release
  sudo yum install python2-pip
  sudo pip2 install tox
  sudo tox -e bindep

Step2: Make document related changes.
  cd tacker/doc/source

Step3: Build Documents.
  cd tacker/doc/
  tox -e docs

Step4: Access built html files.
  cd tacker/doc/build/  
